---
source: crates/sm-match/tests/snapshots.rs
expression: "snapshot_body(\"unrelated\")"
---
case: unrelated

--- profile base (min_height=1 min_dice=0.4 max_size=100) ---
matchable: a=32 b=24   matched: 3   moves: 0
0:program@0..181 <-> 0:program@0..111
1:package_declaration@0..14 <-> 1:package_declaration@0..14
3:identifier@8..13 <-> 3:identifier@8..13

--- profile strict (min_height=2 min_dice=0.6 max_size=100) ---
matchable: a=32 b=24   matched: 3   moves: 0
0:program@0..181 <-> 0:program@0..111
1:package_declaration@0..14 <-> 1:package_declaration@0..14
3:identifier@8..13 <-> 3:identifier@8..13
