---
source: crates/sm-cst/tests/trivia.rs
expression: summarize(&tree)
---
[
    "// g01 copyright header, separa... => floating",
    "// g02 second line of that head... => floating",
    "// g03 glued to the import belo... => leading import_declaration `java`",
    "// g04 same line as the import ... => trailing import_declaration `java`",
    "// g05 first line of a run => leading class_declaration `Gallery`",
    "// g06 second line of the same run => leading class_declaration `Gallery`",
    "/** * g07 Javadoc closing the r... => leading class_declaration `Gallery`",
    "// g08 the `{` is anonymous, so... => leading field_declaration `FLOOR`",
    "// could own it; it chains forw... => leading field_declaration `FLOOR`",
    "/** g09 Javadoc for a field, cl... => leading field_declaration `FLOOR`",
    "// g10 separated from what foll... => floating",
    "/* g11 block comment on its own... => leading field_declaration `ceiling`",
    "// g12 trailing(ceiling) => trailing field_declaration `ceiling`",
    "/* g13 a block comment that spa... => leading field_declaration `depth`",
    "/* g14 a block comment that sta... => trailing field_declaration `width`",
    "/** g15 Javadoc above an annota... => leading method_declaration `annotated`",
    "// g16 wedged between the annot... => floating",
    "// `modifiers`, where the only ... => floating",
    "// themselves -> floating => floating",
    "// g17 first statement's leadin... => leading local_variable_declaration `local`",
    "// g18 trailing(local) => trailing local_variable_declaration `local`",
    "// g19 after a blank line but g... => leading if_statement `local`",
    "// g20 last child of the method... => floating",
    "// -> floating, and it does NOT... => floating",
    "// g21 after a `,`, so the trai... => leading identifier `b`",
    "// -> leading(b), and g22 here ... => leading identifier `b`",
    "// g23 comments inside a nested... => leading method_declaration `nested`",
    "// g24 trailing(inner), owner i... => trailing local_variable_declaration `inner`",
    "// g25 last in the inner block ... => floating",
    "// g26 Ünïcödé: multi-byte char... => leading field_declaration `naïve`",
    "// g27 trailing(naïve) => trailing field_declaration `naïve`",
    "// g28 last member of the class... => floating",
    "// g29 after the class, on its ... => floating",
]
